// Jest Snapshot v1, https://goo.gl/fbAQLP

exports[`should render header correctly 1`] = `
<div>
  <Connect(ExpenseTotal) />
  <Connect(ExpenseListFilters) />
  <Connect(ExpenseList) />
</div>
`;
